../Core/Src/main.c:92:6:display7Seg	2
../Core/Src/main.c:100:6:update7SEG	5
../Core/Src/main.c:136:6:updateClockBuffer	3
../Core/Src/main.c:161:6:setTimer0	1
../Core/Src/main.c:167:6:setTimer1	1
../Core/Src/main.c:173:6:timer_run	5
../Core/Src/main.c:215:6:clearLEDMatrix	2
../Core/Src/main.c:223:6:rotateLeft	2
../Core/Src/main.c:233:6:updateLEDMatrix	17
../Core/Src/main.c:295:5:main	3
../Core/Src/main.c:380:6:SystemClock_Config	3
../Core/Src/main.c:417:13:MX_TIM2_Init	4
../Core/Src/main.c:462:13:MX_GPIO_Init	1
../Core/Src/main.c:523:6:HAL_TIM_PeriodElapsedCallback	1
../Core/Src/main.c:536:6:Error_Handler	1
