../Core/Src/main.c:92:6:display7Seg	24	static
../Core/Src/main.c:100:6:update7SEG	16	static
../Core/Src/main.c:136:6:updateClockBuffer	4	static
../Core/Src/main.c:161:6:setTimer0	16	static
../Core/Src/main.c:167:6:setTimer1	16	static
../Core/Src/main.c:173:6:timer_run	4	static
../Core/Src/main.c:214:6:clearLEDMatrix	16	static
../Core/Src/main.c:223:6:updateLEDMatrix	48	static
../Core/Src/main.c:277:5:main	8	static
../Core/Src/main.c:360:6:SystemClock_Config	72	static
../Core/Src/main.c:397:13:MX_TIM2_Init	32	static
../Core/Src/main.c:442:13:MX_GPIO_Init	32	static
../Core/Src/main.c:503:6:HAL_TIM_PeriodElapsedCallback	16	static
../Core/Src/main.c:516:6:Error_Handler	4	static,ignoring_inline_asm
