../Core/Src/main.c:91:6:display7Seg	24	static
../Core/Src/main.c:99:6:update7SEG	16	static
../Core/Src/main.c:135:6:updateClockBuffer	4	static
../Core/Src/main.c:143:6:setTimer0	16	static
../Core/Src/main.c:149:6:setTimer1	16	static
../Core/Src/main.c:155:6:timer_run	4	static
../Core/Src/main.c:183:5:main	8	static
../Core/Src/main.c:271:6:SystemClock_Config	72	static
../Core/Src/main.c:308:13:MX_TIM2_Init	32	static
../Core/Src/main.c:353:13:MX_GPIO_Init	32	static
../Core/Src/main.c:402:6:HAL_TIM_PeriodElapsedCallback	16	static
../Core/Src/main.c:415:6:Error_Handler	4	static,ignoring_inline_asm
