../Core/Src/main.c:92:6:display7Seg	2
../Core/Src/main.c:100:6:update7SEG	5
../Core/Src/main.c:136:6:updateClockBuffer	3
../Core/Src/main.c:161:6:setTimer0	1
../Core/Src/main.c:167:6:setTimer1	1
../Core/Src/main.c:173:6:timer_run	5
../Core/Src/main.c:214:6:clearLEDMatrix	2
../Core/Src/main.c:223:6:updateLEDMatrix	17
../Core/Src/main.c:277:5:main	7
../Core/Src/main.c:360:6:SystemClock_Config	3
../Core/Src/main.c:397:13:MX_TIM2_Init	4
../Core/Src/main.c:442:13:MX_GPIO_Init	1
../Core/Src/main.c:503:6:HAL_TIM_PeriodElapsedCallback	1
../Core/Src/main.c:516:6:Error_Handler	1
